// Jest Snapshot v1, https://goo.gl/fbAQLP

exports[`jest-auto-snapshots > LinkItem Matches snapshot when passed only required props 1`] = `
<ForwardRef(Styled(Link))
  to="/jest-auto-snapshots String Fixture"
>
  <ForwardRef(styled.div)>
    <ForwardRef(styled.h3)>
      â†’ jest-auto-snapshots String Fixture
    </ForwardRef(styled.h3)>
  </ForwardRef(styled.div)>
</ForwardRef(Styled(Link))>
`;
